[INFO] Scanning for projects...
[INFO] 
[INFO] ----------------------< com.placementos:backend >-----------------------
[INFO] Building backend 0.0.1-SNAPSHOT
[INFO]   from pom.xml
[INFO] --------------------------------[ jar ]---------------------------------
[INFO] 
[INFO] --- resources:3.3.1:resources (default-resources) @ backend ---
[INFO] Copying 1 resource from src\main\resources to target\classes
[INFO] Copying 0 resource from src\main\resources to target\classes
[INFO] 
[INFO] --- compiler:3.11.0:compile (default-compile) @ backend ---
[INFO] Changes detected - recompiling the module! :source
[INFO] Compiling 89 source files with javac [debug release 17] to target\classes
[INFO] -------------------------------------------------------------
[ERROR] COMPILATION ERROR : 
[INFO] -------------------------------------------------------------
[ERROR] /C:/Users/HP/OneDrive/Desktop/crackplacement/backend/src/main/java/com/placementos/backend/controller/JobController.java:[30,38] cannot find symbol
  symbol:   method getSkills()
  location: variable user of type com.placementos.backend.entity.User
[ERROR] /C:/Users/HP/OneDrive/Desktop/crackplacement/backend/src/main/java/com/placementos/backend/controller/ProjectController.java:[73,38] cannot find symbol
  symbol:   method getSkills()
  location: variable user of type com.placementos.backend.entity.User
[ERROR] /C:/Users/HP/OneDrive/Desktop/crackplacement/backend/src/main/java/com/placementos/backend/controller/UserProfileController.java:[36,20] cannot find symbol
  symbol:   method getSkills()
  location: variable profile of type com.placementos.backend.entity.User
[ERROR] /C:/Users/HP/OneDrive/Desktop/crackplacement/backend/src/main/java/com/placementos/backend/controller/UserProfileController.java:[37,17] cannot find symbol
  symbol:   method getSkills()
  location: variable user of type com.placementos.backend.entity.User
[ERROR] /C:/Users/HP/OneDrive/Desktop/crackplacement/backend/src/main/java/com/placementos/backend/controller/UserProfileController.java:[38,17] cannot find symbol
  symbol:   method getSkills()
  location: variable user of type com.placementos.backend.entity.User
[ERROR] /C:/Users/HP/OneDrive/Desktop/crackplacement/backend/src/main/java/com/placementos/backend/controller/UserProfileController.java:[38,44] cannot find symbol
  symbol:   method getSkills()
  location: variable profile of type com.placementos.backend.entity.User
[ERROR] /C:/Users/HP/OneDrive/Desktop/crackplacement/backend/src/main/java/com/placementos/backend/controller/UserProfileController.java:[40,20] cannot find symbol
  symbol:   method getPreferredRoles()
  location: variable profile of type com.placementos.backend.entity.User
[ERROR] /C:/Users/HP/OneDrive/Desktop/crackplacement/backend/src/main/java/com/placementos/backend/controller/UserProfileController.java:[41,17] cannot find symbol
  symbol:   method getPreferredRoles()
  location: variable user of type com.placementos.backend.entity.User
[ERROR] /C:/Users/HP/OneDrive/Desktop/crackplacement/backend/src/main/java/com/placementos/backend/controller/UserProfileController.java:[42,17] cannot find symbol
  symbol:   method getPreferredRoles()
  location: variable user of type com.placementos.backend.entity.User
[ERROR] /C:/Users/HP/OneDrive/Desktop/crackplacement/backend/src/main/java/com/placementos/backend/controller/UserProfileController.java:[42,52] cannot find symbol
  symbol:   method getPreferredRoles()
  location: variable profile of type com.placementos.backend.entity.User
[ERROR] /C:/Users/HP/OneDrive/Desktop/crackplacement/backend/src/main/java/com/placementos/backend/controller/UserProfileController.java:[44,20] cannot find symbol
  symbol:   method getLocationPreference()
  location: variable profile of type com.placementos.backend.entity.User
[ERROR] /C:/Users/HP/OneDrive/Desktop/crackplacement/backend/src/main/java/com/placementos/backend/controller/UserProfileController.java:[45,47] cannot find symbol
  symbol:   method getLocationPreference()
  location: variable profile of type com.placementos.backend.entity.User
[INFO] 12 errors 
[INFO] -------------------------------------------------------------
[INFO] ------------------------------------------------------------------------
[INFO] BUILD FAILURE
[INFO] ------------------------------------------------------------------------
[INFO] Total time:  15.739 s
[INFO] Finished at: 2026-04-05T13:18:48+05:30
[INFO] ------------------------------------------------------------------------
[ERROR] Failed to execute goal org.apache.maven.plugins:maven-compiler-plugin:3.11.0:compile (default-compile) on project backend: Compilation failure: Compilation failure: 
[ERROR] /C:/Users/HP/OneDrive/Desktop/crackplacement/backend/src/main/java/com/placementos/backend/controller/JobController.java:[30,38] cannot find symbol
[ERROR]   symbol:   method getSkills()
[ERROR]   location: variable user of type com.placementos.backend.entity.User
[ERROR] /C:/Users/HP/OneDrive/Desktop/crackplacement/backend/src/main/java/com/placementos/backend/controller/ProjectController.java:[73,38] cannot find symbol
[ERROR]   symbol:   method getSkills()
[ERROR]   location: variable user of type com.placementos.backend.entity.User
[ERROR] /C:/Users/HP/OneDrive/Desktop/crackplacement/backend/src/main/java/com/placementos/backend/controller/UserProfileController.java:[36,20] cannot find symbol
[ERROR]   symbol:   method getSkills()
[ERROR]   location: variable profile of type com.placementos.backend.entity.User
[ERROR] /C:/Users/HP/OneDrive/Desktop/crackplacement/backend/src/main/java/com/placementos/backend/controller/UserProfileController.java:[37,17] cannot find symbol
[ERROR]   symbol:   method getSkills()
[ERROR]   location: variable user of type com.placementos.backend.entity.User
[ERROR] /C:/Users/HP/OneDrive/Desktop/crackplacement/backend/src/main/java/com/placementos/backend/controller/UserProfileController.java:[38,17] cannot find symbol
[ERROR]   symbol:   method getSkills()
[ERROR]   location: variable user of type com.placementos.backend.entity.User
[ERROR] /C:/Users/HP/OneDrive/Desktop/crackplacement/backend/src/main/java/com/placementos/backend/controller/UserProfileController.java:[38,44] cannot find symbol
[ERROR]   symbol:   method getSkills()
[ERROR]   location: variable profile of type com.placementos.backend.entity.User
[ERROR] /C:/Users/HP/OneDrive/Desktop/crackplacement/backend/src/main/java/com/placementos/backend/controller/UserProfileController.java:[40,20] cannot find symbol
[ERROR]   symbol:   method getPreferredRoles()
[ERROR]   location: variable profile of type com.placementos.backend.entity.User
[ERROR] /C:/Users/HP/OneDrive/Desktop/crackplacement/backend/src/main/java/com/placementos/backend/controller/UserProfileController.java:[41,17] cannot find symbol
[ERROR]   symbol:   method getPreferredRoles()
[ERROR]   location: variable user of type com.placementos.backend.entity.User
[ERROR] /C:/Users/HP/OneDrive/Desktop/crackplacement/backend/src/main/java/com/placementos/backend/controller/UserProfileController.java:[42,17] cannot find symbol
[ERROR]   symbol:   method getPreferredRoles()
[ERROR]   location: variable user of type com.placementos.backend.entity.User
[ERROR] /C:/Users/HP/OneDrive/Desktop/crackplacement/backend/src/main/java/com/placementos/backend/controller/UserProfileController.java:[42,52] cannot find symbol
[ERROR]   symbol:   method getPreferredRoles()
[ERROR]   location: variable profile of type com.placementos.backend.entity.User
[ERROR] /C:/Users/HP/OneDrive/Desktop/crackplacement/backend/src/main/java/com/placementos/backend/controller/UserProfileController.java:[44,20] cannot find symbol
[ERROR]   symbol:   method getLocationPreference()
[ERROR]   location: variable profile of type com.placementos.backend.entity.User
[ERROR] /C:/Users/HP/OneDrive/Desktop/crackplacement/backend/src/main/java/com/placementos/backend/controller/UserProfileController.java:[45,47] cannot find symbol
[ERROR]   symbol:   method getLocationPreference()
[ERROR]   location: variable profile of type com.placementos.backend.entity.User
[ERROR] -> [Help 1]
[ERROR] 
[ERROR] To see the full stack trace of the errors, re-run Maven with the -e switch.
[ERROR] Re-run Maven using the -X switch to enable full debug logging.
[ERROR] 
[ERROR] For more information about the errors and possible solutions, please read the following articles:
[ERROR] [Help 1] http://cwiki.apache.org/confluence/display/MAVEN/MojoFailureException
